/home/aim/src/github.com/frobware/haproxy-openshift/perf/testrun/certs/domain.pem perf-test-hydra-edge-0
/home/aim/src/github.com/frobware/haproxy-openshift/perf/testrun/certs/domain.pem perf-test-hydra-edge-1
/home/aim/src/github.com/frobware/haproxy-openshift/perf/testrun/certs/domain.pem perf-test-hydra-edge-2
/home/aim/src/github.com/frobware/haproxy-openshift/perf/testrun/certs/domain.pem perf-test-hydra-edge-3
/home/aim/src/github.com/frobware/haproxy-openshift/perf/testrun/certs/domain.pem perf-test-hydra-edge-4
/home/aim/src/github.com/frobware/haproxy-openshift/perf/testrun/certs/domain.pem perf-test-hydra-edge-5
/home/aim/src/github.com/frobware/haproxy-openshift/perf/testrun/certs/domain.pem perf-test-hydra-edge-6
/home/aim/src/github.com/frobware/haproxy-openshift/perf/testrun/certs/domain.pem perf-test-hydra-edge-7
/home/aim/src/github.com/frobware/haproxy-openshift/perf/testrun/certs/domain.pem perf-test-hydra-edge-8
/home/aim/src/github.com/frobware/haproxy-openshift/perf/testrun/certs/domain.pem perf-test-hydra-edge-9
/home/aim/src/github.com/frobware/haproxy-openshift/perf/testrun/certs/domain.pem perf-test-hydra-edge-10
/home/aim/src/github.com/frobware/haproxy-openshift/perf/testrun/certs/domain.pem perf-test-hydra-edge-11
/home/aim/src/github.com/frobware/haproxy-openshift/perf/testrun/certs/domain.pem perf-test-hydra-edge-12
/home/aim/src/github.com/frobware/haproxy-openshift/perf/testrun/certs/domain.pem perf-test-hydra-edge-13
/home/aim/src/github.com/frobware/haproxy-openshift/perf/testrun/certs/domain.pem perf-test-hydra-edge-14
/home/aim/src/github.com/frobware/haproxy-openshift/perf/testrun/certs/domain.pem perf-test-hydra-edge-15
/home/aim/src/github.com/frobware/haproxy-openshift/perf/testrun/certs/domain.pem perf-test-hydra-edge-16
/home/aim/src/github.com/frobware/haproxy-openshift/perf/testrun/certs/domain.pem perf-test-hydra-edge-17
/home/aim/src/github.com/frobware/haproxy-openshift/perf/testrun/certs/domain.pem perf-test-hydra-edge-18
/home/aim/src/github.com/frobware/haproxy-openshift/perf/testrun/certs/domain.pem perf-test-hydra-edge-19
/home/aim/src/github.com/frobware/haproxy-openshift/perf/testrun/certs/domain.pem perf-test-hydra-edge-20
/home/aim/src/github.com/frobware/haproxy-openshift/perf/testrun/certs/domain.pem perf-test-hydra-edge-21
/home/aim/src/github.com/frobware/haproxy-openshift/perf/testrun/certs/domain.pem perf-test-hydra-edge-22
/home/aim/src/github.com/frobware/haproxy-openshift/perf/testrun/certs/domain.pem perf-test-hydra-edge-23
/home/aim/src/github.com/frobware/haproxy-openshift/perf/testrun/certs/domain.pem perf-test-hydra-edge-24
/home/aim/src/github.com/frobware/haproxy-openshift/perf/testrun/certs/domain.pem perf-test-hydra-edge-25
/home/aim/src/github.com/frobware/haproxy-openshift/perf/testrun/certs/domain.pem perf-test-hydra-edge-26
/home/aim/src/github.com/frobware/haproxy-openshift/perf/testrun/certs/domain.pem perf-test-hydra-edge-27
/home/aim/src/github.com/frobware/haproxy-openshift/perf/testrun/certs/domain.pem perf-test-hydra-edge-28
/home/aim/src/github.com/frobware/haproxy-openshift/perf/testrun/certs/domain.pem perf-test-hydra-edge-29
/home/aim/src/github.com/frobware/haproxy-openshift/perf/testrun/certs/domain.pem perf-test-hydra-edge-30
/home/aim/src/github.com/frobware/haproxy-openshift/perf/testrun/certs/domain.pem perf-test-hydra-edge-31
/home/aim/src/github.com/frobware/haproxy-openshift/perf/testrun/certs/domain.pem perf-test-hydra-edge-32
/home/aim/src/github.com/frobware/haproxy-openshift/perf/testrun/certs/domain.pem perf-test-hydra-edge-33
/home/aim/src/github.com/frobware/haproxy-openshift/perf/testrun/certs/domain.pem perf-test-hydra-edge-34
/home/aim/src/github.com/frobware/haproxy-openshift/perf/testrun/certs/domain.pem perf-test-hydra-edge-35
/home/aim/src/github.com/frobware/haproxy-openshift/perf/testrun/certs/domain.pem perf-test-hydra-edge-36
/home/aim/src/github.com/frobware/haproxy-openshift/perf/testrun/certs/domain.pem perf-test-hydra-edge-37
/home/aim/src/github.com/frobware/haproxy-openshift/perf/testrun/certs/domain.pem perf-test-hydra-edge-38
/home/aim/src/github.com/frobware/haproxy-openshift/perf/testrun/certs/domain.pem perf-test-hydra-edge-39
/home/aim/src/github.com/frobware/haproxy-openshift/perf/testrun/certs/domain.pem perf-test-hydra-edge-40
/home/aim/src/github.com/frobware/haproxy-openshift/perf/testrun/certs/domain.pem perf-test-hydra-edge-41
/home/aim/src/github.com/frobware/haproxy-openshift/perf/testrun/certs/domain.pem perf-test-hydra-edge-42
/home/aim/src/github.com/frobware/haproxy-openshift/perf/testrun/certs/domain.pem perf-test-hydra-edge-43
/home/aim/src/github.com/frobware/haproxy-openshift/perf/testrun/certs/domain.pem perf-test-hydra-edge-44
/home/aim/src/github.com/frobware/haproxy-openshift/perf/testrun/certs/domain.pem perf-test-hydra-edge-45
/home/aim/src/github.com/frobware/haproxy-openshift/perf/testrun/certs/domain.pem perf-test-hydra-edge-46
/home/aim/src/github.com/frobware/haproxy-openshift/perf/testrun/certs/domain.pem perf-test-hydra-edge-47
/home/aim/src/github.com/frobware/haproxy-openshift/perf/testrun/certs/domain.pem perf-test-hydra-edge-48
/home/aim/src/github.com/frobware/haproxy-openshift/perf/testrun/certs/domain.pem perf-test-hydra-edge-49
/home/aim/src/github.com/frobware/haproxy-openshift/perf/testrun/certs/domain.pem perf-test-hydra-edge-50
/home/aim/src/github.com/frobware/haproxy-openshift/perf/testrun/certs/domain.pem perf-test-hydra-edge-51
/home/aim/src/github.com/frobware/haproxy-openshift/perf/testrun/certs/domain.pem perf-test-hydra-edge-52
/home/aim/src/github.com/frobware/haproxy-openshift/perf/testrun/certs/domain.pem perf-test-hydra-edge-53
/home/aim/src/github.com/frobware/haproxy-openshift/perf/testrun/certs/domain.pem perf-test-hydra-edge-54
/home/aim/src/github.com/frobware/haproxy-openshift/perf/testrun/certs/domain.pem perf-test-hydra-edge-55
/home/aim/src/github.com/frobware/haproxy-openshift/perf/testrun/certs/domain.pem perf-test-hydra-edge-56
/home/aim/src/github.com/frobware/haproxy-openshift/perf/testrun/certs/domain.pem perf-test-hydra-edge-57
/home/aim/src/github.com/frobware/haproxy-openshift/perf/testrun/certs/domain.pem perf-test-hydra-edge-58
/home/aim/src/github.com/frobware/haproxy-openshift/perf/testrun/certs/domain.pem perf-test-hydra-edge-59
/home/aim/src/github.com/frobware/haproxy-openshift/perf/testrun/certs/domain.pem perf-test-hydra-edge-60
/home/aim/src/github.com/frobware/haproxy-openshift/perf/testrun/certs/domain.pem perf-test-hydra-edge-61
/home/aim/src/github.com/frobware/haproxy-openshift/perf/testrun/certs/domain.pem perf-test-hydra-edge-62
/home/aim/src/github.com/frobware/haproxy-openshift/perf/testrun/certs/domain.pem perf-test-hydra-edge-63
/home/aim/src/github.com/frobware/haproxy-openshift/perf/testrun/certs/domain.pem perf-test-hydra-edge-64
/home/aim/src/github.com/frobware/haproxy-openshift/perf/testrun/certs/domain.pem perf-test-hydra-edge-65
/home/aim/src/github.com/frobware/haproxy-openshift/perf/testrun/certs/domain.pem perf-test-hydra-edge-66
/home/aim/src/github.com/frobware/haproxy-openshift/perf/testrun/certs/domain.pem perf-test-hydra-edge-67
/home/aim/src/github.com/frobware/haproxy-openshift/perf/testrun/certs/domain.pem perf-test-hydra-edge-68
/home/aim/src/github.com/frobware/haproxy-openshift/perf/testrun/certs/domain.pem perf-test-hydra-edge-69
/home/aim/src/github.com/frobware/haproxy-openshift/perf/testrun/certs/domain.pem perf-test-hydra-edge-70
/home/aim/src/github.com/frobware/haproxy-openshift/perf/testrun/certs/domain.pem perf-test-hydra-edge-71
/home/aim/src/github.com/frobware/haproxy-openshift/perf/testrun/certs/domain.pem perf-test-hydra-edge-72
/home/aim/src/github.com/frobware/haproxy-openshift/perf/testrun/certs/domain.pem perf-test-hydra-edge-73
/home/aim/src/github.com/frobware/haproxy-openshift/perf/testrun/certs/domain.pem perf-test-hydra-edge-74
/home/aim/src/github.com/frobware/haproxy-openshift/perf/testrun/certs/domain.pem perf-test-hydra-edge-75
/home/aim/src/github.com/frobware/haproxy-openshift/perf/testrun/certs/domain.pem perf-test-hydra-edge-76
/home/aim/src/github.com/frobware/haproxy-openshift/perf/testrun/certs/domain.pem perf-test-hydra-edge-77
/home/aim/src/github.com/frobware/haproxy-openshift/perf/testrun/certs/domain.pem perf-test-hydra-edge-78
/home/aim/src/github.com/frobware/haproxy-openshift/perf/testrun/certs/domain.pem perf-test-hydra-edge-79
/home/aim/src/github.com/frobware/haproxy-openshift/perf/testrun/certs/domain.pem perf-test-hydra-edge-80
/home/aim/src/github.com/frobware/haproxy-openshift/perf/testrun/certs/domain.pem perf-test-hydra-edge-81
/home/aim/src/github.com/frobware/haproxy-openshift/perf/testrun/certs/domain.pem perf-test-hydra-edge-82
/home/aim/src/github.com/frobware/haproxy-openshift/perf/testrun/certs/domain.pem perf-test-hydra-edge-83
/home/aim/src/github.com/frobware/haproxy-openshift/perf/testrun/certs/domain.pem perf-test-hydra-edge-84
/home/aim/src/github.com/frobware/haproxy-openshift/perf/testrun/certs/domain.pem perf-test-hydra-edge-85
/home/aim/src/github.com/frobware/haproxy-openshift/perf/testrun/certs/domain.pem perf-test-hydra-edge-86
/home/aim/src/github.com/frobware/haproxy-openshift/perf/testrun/certs/domain.pem perf-test-hydra-edge-87
/home/aim/src/github.com/frobware/haproxy-openshift/perf/testrun/certs/domain.pem perf-test-hydra-edge-88
/home/aim/src/github.com/frobware/haproxy-openshift/perf/testrun/certs/domain.pem perf-test-hydra-edge-89
/home/aim/src/github.com/frobware/haproxy-openshift/perf/testrun/certs/domain.pem perf-test-hydra-edge-90
/home/aim/src/github.com/frobware/haproxy-openshift/perf/testrun/certs/domain.pem perf-test-hydra-edge-91
/home/aim/src/github.com/frobware/haproxy-openshift/perf/testrun/certs/domain.pem perf-test-hydra-edge-92
/home/aim/src/github.com/frobware/haproxy-openshift/perf/testrun/certs/domain.pem perf-test-hydra-edge-93
/home/aim/src/github.com/frobware/haproxy-openshift/perf/testrun/certs/domain.pem perf-test-hydra-edge-94
/home/aim/src/github.com/frobware/haproxy-openshift/perf/testrun/certs/domain.pem perf-test-hydra-edge-95
/home/aim/src/github.com/frobware/haproxy-openshift/perf/testrun/certs/domain.pem perf-test-hydra-edge-96
/home/aim/src/github.com/frobware/haproxy-openshift/perf/testrun/certs/domain.pem perf-test-hydra-edge-97
/home/aim/src/github.com/frobware/haproxy-openshift/perf/testrun/certs/domain.pem perf-test-hydra-edge-98
/home/aim/src/github.com/frobware/haproxy-openshift/perf/testrun/certs/domain.pem perf-test-hydra-edge-99
/home/aim/src/github.com/frobware/haproxy-openshift/perf/testrun/certs/domain.pem perf-test-hydra-reencrypt-0
/home/aim/src/github.com/frobware/haproxy-openshift/perf/testrun/certs/domain.pem perf-test-hydra-reencrypt-1
/home/aim/src/github.com/frobware/haproxy-openshift/perf/testrun/certs/domain.pem perf-test-hydra-reencrypt-2
/home/aim/src/github.com/frobware/haproxy-openshift/perf/testrun/certs/domain.pem perf-test-hydra-reencrypt-3
/home/aim/src/github.com/frobware/haproxy-openshift/perf/testrun/certs/domain.pem perf-test-hydra-reencrypt-4
/home/aim/src/github.com/frobware/haproxy-openshift/perf/testrun/certs/domain.pem perf-test-hydra-reencrypt-5
/home/aim/src/github.com/frobware/haproxy-openshift/perf/testrun/certs/domain.pem perf-test-hydra-reencrypt-6
/home/aim/src/github.com/frobware/haproxy-openshift/perf/testrun/certs/domain.pem perf-test-hydra-reencrypt-7
/home/aim/src/github.com/frobware/haproxy-openshift/perf/testrun/certs/domain.pem perf-test-hydra-reencrypt-8
/home/aim/src/github.com/frobware/haproxy-openshift/perf/testrun/certs/domain.pem perf-test-hydra-reencrypt-9
/home/aim/src/github.com/frobware/haproxy-openshift/perf/testrun/certs/domain.pem perf-test-hydra-reencrypt-10
/home/aim/src/github.com/frobware/haproxy-openshift/perf/testrun/certs/domain.pem perf-test-hydra-reencrypt-11
/home/aim/src/github.com/frobware/haproxy-openshift/perf/testrun/certs/domain.pem perf-test-hydra-reencrypt-12
/home/aim/src/github.com/frobware/haproxy-openshift/perf/testrun/certs/domain.pem perf-test-hydra-reencrypt-13
/home/aim/src/github.com/frobware/haproxy-openshift/perf/testrun/certs/domain.pem perf-test-hydra-reencrypt-14
/home/aim/src/github.com/frobware/haproxy-openshift/perf/testrun/certs/domain.pem perf-test-hydra-reencrypt-15
/home/aim/src/github.com/frobware/haproxy-openshift/perf/testrun/certs/domain.pem perf-test-hydra-reencrypt-16
/home/aim/src/github.com/frobware/haproxy-openshift/perf/testrun/certs/domain.pem perf-test-hydra-reencrypt-17
/home/aim/src/github.com/frobware/haproxy-openshift/perf/testrun/certs/domain.pem perf-test-hydra-reencrypt-18
/home/aim/src/github.com/frobware/haproxy-openshift/perf/testrun/certs/domain.pem perf-test-hydra-reencrypt-19
/home/aim/src/github.com/frobware/haproxy-openshift/perf/testrun/certs/domain.pem perf-test-hydra-reencrypt-20
/home/aim/src/github.com/frobware/haproxy-openshift/perf/testrun/certs/domain.pem perf-test-hydra-reencrypt-21
/home/aim/src/github.com/frobware/haproxy-openshift/perf/testrun/certs/domain.pem perf-test-hydra-reencrypt-22
/home/aim/src/github.com/frobware/haproxy-openshift/perf/testrun/certs/domain.pem perf-test-hydra-reencrypt-23
/home/aim/src/github.com/frobware/haproxy-openshift/perf/testrun/certs/domain.pem perf-test-hydra-reencrypt-24
/home/aim/src/github.com/frobware/haproxy-openshift/perf/testrun/certs/domain.pem perf-test-hydra-reencrypt-25
/home/aim/src/github.com/frobware/haproxy-openshift/perf/testrun/certs/domain.pem perf-test-hydra-reencrypt-26
/home/aim/src/github.com/frobware/haproxy-openshift/perf/testrun/certs/domain.pem perf-test-hydra-reencrypt-27
/home/aim/src/github.com/frobware/haproxy-openshift/perf/testrun/certs/domain.pem perf-test-hydra-reencrypt-28
/home/aim/src/github.com/frobware/haproxy-openshift/perf/testrun/certs/domain.pem perf-test-hydra-reencrypt-29
/home/aim/src/github.com/frobware/haproxy-openshift/perf/testrun/certs/domain.pem perf-test-hydra-reencrypt-30
/home/aim/src/github.com/frobware/haproxy-openshift/perf/testrun/certs/domain.pem perf-test-hydra-reencrypt-31
/home/aim/src/github.com/frobware/haproxy-openshift/perf/testrun/certs/domain.pem perf-test-hydra-reencrypt-32
/home/aim/src/github.com/frobware/haproxy-openshift/perf/testrun/certs/domain.pem perf-test-hydra-reencrypt-33
/home/aim/src/github.com/frobware/haproxy-openshift/perf/testrun/certs/domain.pem perf-test-hydra-reencrypt-34
/home/aim/src/github.com/frobware/haproxy-openshift/perf/testrun/certs/domain.pem perf-test-hydra-reencrypt-35
/home/aim/src/github.com/frobware/haproxy-openshift/perf/testrun/certs/domain.pem perf-test-hydra-reencrypt-36
/home/aim/src/github.com/frobware/haproxy-openshift/perf/testrun/certs/domain.pem perf-test-hydra-reencrypt-37
/home/aim/src/github.com/frobware/haproxy-openshift/perf/testrun/certs/domain.pem perf-test-hydra-reencrypt-38
/home/aim/src/github.com/frobware/haproxy-openshift/perf/testrun/certs/domain.pem perf-test-hydra-reencrypt-39
/home/aim/src/github.com/frobware/haproxy-openshift/perf/testrun/certs/domain.pem perf-test-hydra-reencrypt-40
/home/aim/src/github.com/frobware/haproxy-openshift/perf/testrun/certs/domain.pem perf-test-hydra-reencrypt-41
/home/aim/src/github.com/frobware/haproxy-openshift/perf/testrun/certs/domain.pem perf-test-hydra-reencrypt-42
/home/aim/src/github.com/frobware/haproxy-openshift/perf/testrun/certs/domain.pem perf-test-hydra-reencrypt-43
/home/aim/src/github.com/frobware/haproxy-openshift/perf/testrun/certs/domain.pem perf-test-hydra-reencrypt-44
/home/aim/src/github.com/frobware/haproxy-openshift/perf/testrun/certs/domain.pem perf-test-hydra-reencrypt-45
/home/aim/src/github.com/frobware/haproxy-openshift/perf/testrun/certs/domain.pem perf-test-hydra-reencrypt-46
/home/aim/src/github.com/frobware/haproxy-openshift/perf/testrun/certs/domain.pem perf-test-hydra-reencrypt-47
/home/aim/src/github.com/frobware/haproxy-openshift/perf/testrun/certs/domain.pem perf-test-hydra-reencrypt-48
/home/aim/src/github.com/frobware/haproxy-openshift/perf/testrun/certs/domain.pem perf-test-hydra-reencrypt-49
/home/aim/src/github.com/frobware/haproxy-openshift/perf/testrun/certs/domain.pem perf-test-hydra-reencrypt-50
/home/aim/src/github.com/frobware/haproxy-openshift/perf/testrun/certs/domain.pem perf-test-hydra-reencrypt-51
/home/aim/src/github.com/frobware/haproxy-openshift/perf/testrun/certs/domain.pem perf-test-hydra-reencrypt-52
/home/aim/src/github.com/frobware/haproxy-openshift/perf/testrun/certs/domain.pem perf-test-hydra-reencrypt-53
/home/aim/src/github.com/frobware/haproxy-openshift/perf/testrun/certs/domain.pem perf-test-hydra-reencrypt-54
/home/aim/src/github.com/frobware/haproxy-openshift/perf/testrun/certs/domain.pem perf-test-hydra-reencrypt-55
/home/aim/src/github.com/frobware/haproxy-openshift/perf/testrun/certs/domain.pem perf-test-hydra-reencrypt-56
/home/aim/src/github.com/frobware/haproxy-openshift/perf/testrun/certs/domain.pem perf-test-hydra-reencrypt-57
/home/aim/src/github.com/frobware/haproxy-openshift/perf/testrun/certs/domain.pem perf-test-hydra-reencrypt-58
/home/aim/src/github.com/frobware/haproxy-openshift/perf/testrun/certs/domain.pem perf-test-hydra-reencrypt-59
/home/aim/src/github.com/frobware/haproxy-openshift/perf/testrun/certs/domain.pem perf-test-hydra-reencrypt-60
/home/aim/src/github.com/frobware/haproxy-openshift/perf/testrun/certs/domain.pem perf-test-hydra-reencrypt-61
/home/aim/src/github.com/frobware/haproxy-openshift/perf/testrun/certs/domain.pem perf-test-hydra-reencrypt-62
/home/aim/src/github.com/frobware/haproxy-openshift/perf/testrun/certs/domain.pem perf-test-hydra-reencrypt-63
/home/aim/src/github.com/frobware/haproxy-openshift/perf/testrun/certs/domain.pem perf-test-hydra-reencrypt-64
/home/aim/src/github.com/frobware/haproxy-openshift/perf/testrun/certs/domain.pem perf-test-hydra-reencrypt-65
/home/aim/src/github.com/frobware/haproxy-openshift/perf/testrun/certs/domain.pem perf-test-hydra-reencrypt-66
/home/aim/src/github.com/frobware/haproxy-openshift/perf/testrun/certs/domain.pem perf-test-hydra-reencrypt-67
/home/aim/src/github.com/frobware/haproxy-openshift/perf/testrun/certs/domain.pem perf-test-hydra-reencrypt-68
/home/aim/src/github.com/frobware/haproxy-openshift/perf/testrun/certs/domain.pem perf-test-hydra-reencrypt-69
/home/aim/src/github.com/frobware/haproxy-openshift/perf/testrun/certs/domain.pem perf-test-hydra-reencrypt-70
/home/aim/src/github.com/frobware/haproxy-openshift/perf/testrun/certs/domain.pem perf-test-hydra-reencrypt-71
/home/aim/src/github.com/frobware/haproxy-openshift/perf/testrun/certs/domain.pem perf-test-hydra-reencrypt-72
/home/aim/src/github.com/frobware/haproxy-openshift/perf/testrun/certs/domain.pem perf-test-hydra-reencrypt-73
/home/aim/src/github.com/frobware/haproxy-openshift/perf/testrun/certs/domain.pem perf-test-hydra-reencrypt-74
/home/aim/src/github.com/frobware/haproxy-openshift/perf/testrun/certs/domain.pem perf-test-hydra-reencrypt-75
/home/aim/src/github.com/frobware/haproxy-openshift/perf/testrun/certs/domain.pem perf-test-hydra-reencrypt-76
/home/aim/src/github.com/frobware/haproxy-openshift/perf/testrun/certs/domain.pem perf-test-hydra-reencrypt-77
/home/aim/src/github.com/frobware/haproxy-openshift/perf/testrun/certs/domain.pem perf-test-hydra-reencrypt-78
/home/aim/src/github.com/frobware/haproxy-openshift/perf/testrun/certs/domain.pem perf-test-hydra-reencrypt-79
/home/aim/src/github.com/frobware/haproxy-openshift/perf/testrun/certs/domain.pem perf-test-hydra-reencrypt-80
/home/aim/src/github.com/frobware/haproxy-openshift/perf/testrun/certs/domain.pem perf-test-hydra-reencrypt-81
/home/aim/src/github.com/frobware/haproxy-openshift/perf/testrun/certs/domain.pem perf-test-hydra-reencrypt-82
/home/aim/src/github.com/frobware/haproxy-openshift/perf/testrun/certs/domain.pem perf-test-hydra-reencrypt-83
/home/aim/src/github.com/frobware/haproxy-openshift/perf/testrun/certs/domain.pem perf-test-hydra-reencrypt-84
/home/aim/src/github.com/frobware/haproxy-openshift/perf/testrun/certs/domain.pem perf-test-hydra-reencrypt-85
/home/aim/src/github.com/frobware/haproxy-openshift/perf/testrun/certs/domain.pem perf-test-hydra-reencrypt-86
/home/aim/src/github.com/frobware/haproxy-openshift/perf/testrun/certs/domain.pem perf-test-hydra-reencrypt-87
/home/aim/src/github.com/frobware/haproxy-openshift/perf/testrun/certs/domain.pem perf-test-hydra-reencrypt-88
/home/aim/src/github.com/frobware/haproxy-openshift/perf/testrun/certs/domain.pem perf-test-hydra-reencrypt-89
/home/aim/src/github.com/frobware/haproxy-openshift/perf/testrun/certs/domain.pem perf-test-hydra-reencrypt-90
/home/aim/src/github.com/frobware/haproxy-openshift/perf/testrun/certs/domain.pem perf-test-hydra-reencrypt-91
/home/aim/src/github.com/frobware/haproxy-openshift/perf/testrun/certs/domain.pem perf-test-hydra-reencrypt-92
/home/aim/src/github.com/frobware/haproxy-openshift/perf/testrun/certs/domain.pem perf-test-hydra-reencrypt-93
/home/aim/src/github.com/frobware/haproxy-openshift/perf/testrun/certs/domain.pem perf-test-hydra-reencrypt-94
/home/aim/src/github.com/frobware/haproxy-openshift/perf/testrun/certs/domain.pem perf-test-hydra-reencrypt-95
/home/aim/src/github.com/frobware/haproxy-openshift/perf/testrun/certs/domain.pem perf-test-hydra-reencrypt-96
/home/aim/src/github.com/frobware/haproxy-openshift/perf/testrun/certs/domain.pem perf-test-hydra-reencrypt-97
/home/aim/src/github.com/frobware/haproxy-openshift/perf/testrun/certs/domain.pem perf-test-hydra-reencrypt-98
/home/aim/src/github.com/frobware/haproxy-openshift/perf/testrun/certs/domain.pem perf-test-hydra-reencrypt-99
