^perf-test-hydra-reencrypt-0\.?(:[0-9]+)?(/.*)?$ be_secure:perf-test-hydra-reencrypt-0
^perf-test-hydra-reencrypt-1\.?(:[0-9]+)?(/.*)?$ be_secure:perf-test-hydra-reencrypt-1
^perf-test-hydra-reencrypt-2\.?(:[0-9]+)?(/.*)?$ be_secure:perf-test-hydra-reencrypt-2
^perf-test-hydra-reencrypt-3\.?(:[0-9]+)?(/.*)?$ be_secure:perf-test-hydra-reencrypt-3
^perf-test-hydra-reencrypt-4\.?(:[0-9]+)?(/.*)?$ be_secure:perf-test-hydra-reencrypt-4
^perf-test-hydra-reencrypt-5\.?(:[0-9]+)?(/.*)?$ be_secure:perf-test-hydra-reencrypt-5
^perf-test-hydra-reencrypt-6\.?(:[0-9]+)?(/.*)?$ be_secure:perf-test-hydra-reencrypt-6
^perf-test-hydra-reencrypt-7\.?(:[0-9]+)?(/.*)?$ be_secure:perf-test-hydra-reencrypt-7
^perf-test-hydra-reencrypt-8\.?(:[0-9]+)?(/.*)?$ be_secure:perf-test-hydra-reencrypt-8
^perf-test-hydra-reencrypt-9\.?(:[0-9]+)?(/.*)?$ be_secure:perf-test-hydra-reencrypt-9
^perf-test-hydra-reencrypt-10\.?(:[0-9]+)?(/.*)?$ be_secure:perf-test-hydra-reencrypt-10
^perf-test-hydra-reencrypt-11\.?(:[0-9]+)?(/.*)?$ be_secure:perf-test-hydra-reencrypt-11
^perf-test-hydra-reencrypt-12\.?(:[0-9]+)?(/.*)?$ be_secure:perf-test-hydra-reencrypt-12
^perf-test-hydra-reencrypt-13\.?(:[0-9]+)?(/.*)?$ be_secure:perf-test-hydra-reencrypt-13
^perf-test-hydra-reencrypt-14\.?(:[0-9]+)?(/.*)?$ be_secure:perf-test-hydra-reencrypt-14
^perf-test-hydra-reencrypt-15\.?(:[0-9]+)?(/.*)?$ be_secure:perf-test-hydra-reencrypt-15
^perf-test-hydra-reencrypt-16\.?(:[0-9]+)?(/.*)?$ be_secure:perf-test-hydra-reencrypt-16
^perf-test-hydra-reencrypt-17\.?(:[0-9]+)?(/.*)?$ be_secure:perf-test-hydra-reencrypt-17
^perf-test-hydra-reencrypt-18\.?(:[0-9]+)?(/.*)?$ be_secure:perf-test-hydra-reencrypt-18
^perf-test-hydra-reencrypt-19\.?(:[0-9]+)?(/.*)?$ be_secure:perf-test-hydra-reencrypt-19
^perf-test-hydra-reencrypt-20\.?(:[0-9]+)?(/.*)?$ be_secure:perf-test-hydra-reencrypt-20
^perf-test-hydra-reencrypt-21\.?(:[0-9]+)?(/.*)?$ be_secure:perf-test-hydra-reencrypt-21
^perf-test-hydra-reencrypt-22\.?(:[0-9]+)?(/.*)?$ be_secure:perf-test-hydra-reencrypt-22
^perf-test-hydra-reencrypt-23\.?(:[0-9]+)?(/.*)?$ be_secure:perf-test-hydra-reencrypt-23
^perf-test-hydra-reencrypt-24\.?(:[0-9]+)?(/.*)?$ be_secure:perf-test-hydra-reencrypt-24
^perf-test-hydra-reencrypt-25\.?(:[0-9]+)?(/.*)?$ be_secure:perf-test-hydra-reencrypt-25
^perf-test-hydra-reencrypt-26\.?(:[0-9]+)?(/.*)?$ be_secure:perf-test-hydra-reencrypt-26
^perf-test-hydra-reencrypt-27\.?(:[0-9]+)?(/.*)?$ be_secure:perf-test-hydra-reencrypt-27
^perf-test-hydra-reencrypt-28\.?(:[0-9]+)?(/.*)?$ be_secure:perf-test-hydra-reencrypt-28
^perf-test-hydra-reencrypt-29\.?(:[0-9]+)?(/.*)?$ be_secure:perf-test-hydra-reencrypt-29
^perf-test-hydra-reencrypt-30\.?(:[0-9]+)?(/.*)?$ be_secure:perf-test-hydra-reencrypt-30
^perf-test-hydra-reencrypt-31\.?(:[0-9]+)?(/.*)?$ be_secure:perf-test-hydra-reencrypt-31
^perf-test-hydra-reencrypt-32\.?(:[0-9]+)?(/.*)?$ be_secure:perf-test-hydra-reencrypt-32
^perf-test-hydra-reencrypt-33\.?(:[0-9]+)?(/.*)?$ be_secure:perf-test-hydra-reencrypt-33
^perf-test-hydra-reencrypt-34\.?(:[0-9]+)?(/.*)?$ be_secure:perf-test-hydra-reencrypt-34
^perf-test-hydra-reencrypt-35\.?(:[0-9]+)?(/.*)?$ be_secure:perf-test-hydra-reencrypt-35
^perf-test-hydra-reencrypt-36\.?(:[0-9]+)?(/.*)?$ be_secure:perf-test-hydra-reencrypt-36
^perf-test-hydra-reencrypt-37\.?(:[0-9]+)?(/.*)?$ be_secure:perf-test-hydra-reencrypt-37
^perf-test-hydra-reencrypt-38\.?(:[0-9]+)?(/.*)?$ be_secure:perf-test-hydra-reencrypt-38
^perf-test-hydra-reencrypt-39\.?(:[0-9]+)?(/.*)?$ be_secure:perf-test-hydra-reencrypt-39
^perf-test-hydra-reencrypt-40\.?(:[0-9]+)?(/.*)?$ be_secure:perf-test-hydra-reencrypt-40
^perf-test-hydra-reencrypt-41\.?(:[0-9]+)?(/.*)?$ be_secure:perf-test-hydra-reencrypt-41
^perf-test-hydra-reencrypt-42\.?(:[0-9]+)?(/.*)?$ be_secure:perf-test-hydra-reencrypt-42
^perf-test-hydra-reencrypt-43\.?(:[0-9]+)?(/.*)?$ be_secure:perf-test-hydra-reencrypt-43
^perf-test-hydra-reencrypt-44\.?(:[0-9]+)?(/.*)?$ be_secure:perf-test-hydra-reencrypt-44
^perf-test-hydra-reencrypt-45\.?(:[0-9]+)?(/.*)?$ be_secure:perf-test-hydra-reencrypt-45
^perf-test-hydra-reencrypt-46\.?(:[0-9]+)?(/.*)?$ be_secure:perf-test-hydra-reencrypt-46
^perf-test-hydra-reencrypt-47\.?(:[0-9]+)?(/.*)?$ be_secure:perf-test-hydra-reencrypt-47
^perf-test-hydra-reencrypt-48\.?(:[0-9]+)?(/.*)?$ be_secure:perf-test-hydra-reencrypt-48
^perf-test-hydra-reencrypt-49\.?(:[0-9]+)?(/.*)?$ be_secure:perf-test-hydra-reencrypt-49
^perf-test-hydra-reencrypt-50\.?(:[0-9]+)?(/.*)?$ be_secure:perf-test-hydra-reencrypt-50
^perf-test-hydra-reencrypt-51\.?(:[0-9]+)?(/.*)?$ be_secure:perf-test-hydra-reencrypt-51
^perf-test-hydra-reencrypt-52\.?(:[0-9]+)?(/.*)?$ be_secure:perf-test-hydra-reencrypt-52
^perf-test-hydra-reencrypt-53\.?(:[0-9]+)?(/.*)?$ be_secure:perf-test-hydra-reencrypt-53
^perf-test-hydra-reencrypt-54\.?(:[0-9]+)?(/.*)?$ be_secure:perf-test-hydra-reencrypt-54
^perf-test-hydra-reencrypt-55\.?(:[0-9]+)?(/.*)?$ be_secure:perf-test-hydra-reencrypt-55
^perf-test-hydra-reencrypt-56\.?(:[0-9]+)?(/.*)?$ be_secure:perf-test-hydra-reencrypt-56
^perf-test-hydra-reencrypt-57\.?(:[0-9]+)?(/.*)?$ be_secure:perf-test-hydra-reencrypt-57
^perf-test-hydra-reencrypt-58\.?(:[0-9]+)?(/.*)?$ be_secure:perf-test-hydra-reencrypt-58
^perf-test-hydra-reencrypt-59\.?(:[0-9]+)?(/.*)?$ be_secure:perf-test-hydra-reencrypt-59
^perf-test-hydra-reencrypt-60\.?(:[0-9]+)?(/.*)?$ be_secure:perf-test-hydra-reencrypt-60
^perf-test-hydra-reencrypt-61\.?(:[0-9]+)?(/.*)?$ be_secure:perf-test-hydra-reencrypt-61
^perf-test-hydra-reencrypt-62\.?(:[0-9]+)?(/.*)?$ be_secure:perf-test-hydra-reencrypt-62
^perf-test-hydra-reencrypt-63\.?(:[0-9]+)?(/.*)?$ be_secure:perf-test-hydra-reencrypt-63
^perf-test-hydra-reencrypt-64\.?(:[0-9]+)?(/.*)?$ be_secure:perf-test-hydra-reencrypt-64
^perf-test-hydra-reencrypt-65\.?(:[0-9]+)?(/.*)?$ be_secure:perf-test-hydra-reencrypt-65
^perf-test-hydra-reencrypt-66\.?(:[0-9]+)?(/.*)?$ be_secure:perf-test-hydra-reencrypt-66
^perf-test-hydra-reencrypt-67\.?(:[0-9]+)?(/.*)?$ be_secure:perf-test-hydra-reencrypt-67
^perf-test-hydra-reencrypt-68\.?(:[0-9]+)?(/.*)?$ be_secure:perf-test-hydra-reencrypt-68
^perf-test-hydra-reencrypt-69\.?(:[0-9]+)?(/.*)?$ be_secure:perf-test-hydra-reencrypt-69
^perf-test-hydra-reencrypt-70\.?(:[0-9]+)?(/.*)?$ be_secure:perf-test-hydra-reencrypt-70
^perf-test-hydra-reencrypt-71\.?(:[0-9]+)?(/.*)?$ be_secure:perf-test-hydra-reencrypt-71
^perf-test-hydra-reencrypt-72\.?(:[0-9]+)?(/.*)?$ be_secure:perf-test-hydra-reencrypt-72
^perf-test-hydra-reencrypt-73\.?(:[0-9]+)?(/.*)?$ be_secure:perf-test-hydra-reencrypt-73
^perf-test-hydra-reencrypt-74\.?(:[0-9]+)?(/.*)?$ be_secure:perf-test-hydra-reencrypt-74
^perf-test-hydra-reencrypt-75\.?(:[0-9]+)?(/.*)?$ be_secure:perf-test-hydra-reencrypt-75
^perf-test-hydra-reencrypt-76\.?(:[0-9]+)?(/.*)?$ be_secure:perf-test-hydra-reencrypt-76
^perf-test-hydra-reencrypt-77\.?(:[0-9]+)?(/.*)?$ be_secure:perf-test-hydra-reencrypt-77
^perf-test-hydra-reencrypt-78\.?(:[0-9]+)?(/.*)?$ be_secure:perf-test-hydra-reencrypt-78
^perf-test-hydra-reencrypt-79\.?(:[0-9]+)?(/.*)?$ be_secure:perf-test-hydra-reencrypt-79
^perf-test-hydra-reencrypt-80\.?(:[0-9]+)?(/.*)?$ be_secure:perf-test-hydra-reencrypt-80
^perf-test-hydra-reencrypt-81\.?(:[0-9]+)?(/.*)?$ be_secure:perf-test-hydra-reencrypt-81
^perf-test-hydra-reencrypt-82\.?(:[0-9]+)?(/.*)?$ be_secure:perf-test-hydra-reencrypt-82
^perf-test-hydra-reencrypt-83\.?(:[0-9]+)?(/.*)?$ be_secure:perf-test-hydra-reencrypt-83
^perf-test-hydra-reencrypt-84\.?(:[0-9]+)?(/.*)?$ be_secure:perf-test-hydra-reencrypt-84
^perf-test-hydra-reencrypt-85\.?(:[0-9]+)?(/.*)?$ be_secure:perf-test-hydra-reencrypt-85
^perf-test-hydra-reencrypt-86\.?(:[0-9]+)?(/.*)?$ be_secure:perf-test-hydra-reencrypt-86
^perf-test-hydra-reencrypt-87\.?(:[0-9]+)?(/.*)?$ be_secure:perf-test-hydra-reencrypt-87
^perf-test-hydra-reencrypt-88\.?(:[0-9]+)?(/.*)?$ be_secure:perf-test-hydra-reencrypt-88
^perf-test-hydra-reencrypt-89\.?(:[0-9]+)?(/.*)?$ be_secure:perf-test-hydra-reencrypt-89
^perf-test-hydra-reencrypt-90\.?(:[0-9]+)?(/.*)?$ be_secure:perf-test-hydra-reencrypt-90
^perf-test-hydra-reencrypt-91\.?(:[0-9]+)?(/.*)?$ be_secure:perf-test-hydra-reencrypt-91
^perf-test-hydra-reencrypt-92\.?(:[0-9]+)?(/.*)?$ be_secure:perf-test-hydra-reencrypt-92
^perf-test-hydra-reencrypt-93\.?(:[0-9]+)?(/.*)?$ be_secure:perf-test-hydra-reencrypt-93
^perf-test-hydra-reencrypt-94\.?(:[0-9]+)?(/.*)?$ be_secure:perf-test-hydra-reencrypt-94
^perf-test-hydra-reencrypt-95\.?(:[0-9]+)?(/.*)?$ be_secure:perf-test-hydra-reencrypt-95
^perf-test-hydra-reencrypt-96\.?(:[0-9]+)?(/.*)?$ be_secure:perf-test-hydra-reencrypt-96
^perf-test-hydra-reencrypt-97\.?(:[0-9]+)?(/.*)?$ be_secure:perf-test-hydra-reencrypt-97
^perf-test-hydra-reencrypt-98\.?(:[0-9]+)?(/.*)?$ be_secure:perf-test-hydra-reencrypt-98
^perf-test-hydra-reencrypt-99\.?(:[0-9]+)?(/.*)?$ be_secure:perf-test-hydra-reencrypt-99
^perf-test-hydra-edge-0\.?(:[0-9]+)?(/.*)?$ be_edge_http:perf-test-hydra-edge-0
^perf-test-hydra-edge-1\.?(:[0-9]+)?(/.*)?$ be_edge_http:perf-test-hydra-edge-1
^perf-test-hydra-edge-2\.?(:[0-9]+)?(/.*)?$ be_edge_http:perf-test-hydra-edge-2
^perf-test-hydra-edge-3\.?(:[0-9]+)?(/.*)?$ be_edge_http:perf-test-hydra-edge-3
^perf-test-hydra-edge-4\.?(:[0-9]+)?(/.*)?$ be_edge_http:perf-test-hydra-edge-4
^perf-test-hydra-edge-5\.?(:[0-9]+)?(/.*)?$ be_edge_http:perf-test-hydra-edge-5
^perf-test-hydra-edge-6\.?(:[0-9]+)?(/.*)?$ be_edge_http:perf-test-hydra-edge-6
^perf-test-hydra-edge-7\.?(:[0-9]+)?(/.*)?$ be_edge_http:perf-test-hydra-edge-7
^perf-test-hydra-edge-8\.?(:[0-9]+)?(/.*)?$ be_edge_http:perf-test-hydra-edge-8
^perf-test-hydra-edge-9\.?(:[0-9]+)?(/.*)?$ be_edge_http:perf-test-hydra-edge-9
^perf-test-hydra-edge-10\.?(:[0-9]+)?(/.*)?$ be_edge_http:perf-test-hydra-edge-10
^perf-test-hydra-edge-11\.?(:[0-9]+)?(/.*)?$ be_edge_http:perf-test-hydra-edge-11
^perf-test-hydra-edge-12\.?(:[0-9]+)?(/.*)?$ be_edge_http:perf-test-hydra-edge-12
^perf-test-hydra-edge-13\.?(:[0-9]+)?(/.*)?$ be_edge_http:perf-test-hydra-edge-13
^perf-test-hydra-edge-14\.?(:[0-9]+)?(/.*)?$ be_edge_http:perf-test-hydra-edge-14
^perf-test-hydra-edge-15\.?(:[0-9]+)?(/.*)?$ be_edge_http:perf-test-hydra-edge-15
^perf-test-hydra-edge-16\.?(:[0-9]+)?(/.*)?$ be_edge_http:perf-test-hydra-edge-16
^perf-test-hydra-edge-17\.?(:[0-9]+)?(/.*)?$ be_edge_http:perf-test-hydra-edge-17
^perf-test-hydra-edge-18\.?(:[0-9]+)?(/.*)?$ be_edge_http:perf-test-hydra-edge-18
^perf-test-hydra-edge-19\.?(:[0-9]+)?(/.*)?$ be_edge_http:perf-test-hydra-edge-19
^perf-test-hydra-edge-20\.?(:[0-9]+)?(/.*)?$ be_edge_http:perf-test-hydra-edge-20
^perf-test-hydra-edge-21\.?(:[0-9]+)?(/.*)?$ be_edge_http:perf-test-hydra-edge-21
^perf-test-hydra-edge-22\.?(:[0-9]+)?(/.*)?$ be_edge_http:perf-test-hydra-edge-22
^perf-test-hydra-edge-23\.?(:[0-9]+)?(/.*)?$ be_edge_http:perf-test-hydra-edge-23
^perf-test-hydra-edge-24\.?(:[0-9]+)?(/.*)?$ be_edge_http:perf-test-hydra-edge-24
^perf-test-hydra-edge-25\.?(:[0-9]+)?(/.*)?$ be_edge_http:perf-test-hydra-edge-25
^perf-test-hydra-edge-26\.?(:[0-9]+)?(/.*)?$ be_edge_http:perf-test-hydra-edge-26
^perf-test-hydra-edge-27\.?(:[0-9]+)?(/.*)?$ be_edge_http:perf-test-hydra-edge-27
^perf-test-hydra-edge-28\.?(:[0-9]+)?(/.*)?$ be_edge_http:perf-test-hydra-edge-28
^perf-test-hydra-edge-29\.?(:[0-9]+)?(/.*)?$ be_edge_http:perf-test-hydra-edge-29
^perf-test-hydra-edge-30\.?(:[0-9]+)?(/.*)?$ be_edge_http:perf-test-hydra-edge-30
^perf-test-hydra-edge-31\.?(:[0-9]+)?(/.*)?$ be_edge_http:perf-test-hydra-edge-31
^perf-test-hydra-edge-32\.?(:[0-9]+)?(/.*)?$ be_edge_http:perf-test-hydra-edge-32
^perf-test-hydra-edge-33\.?(:[0-9]+)?(/.*)?$ be_edge_http:perf-test-hydra-edge-33
^perf-test-hydra-edge-34\.?(:[0-9]+)?(/.*)?$ be_edge_http:perf-test-hydra-edge-34
^perf-test-hydra-edge-35\.?(:[0-9]+)?(/.*)?$ be_edge_http:perf-test-hydra-edge-35
^perf-test-hydra-edge-36\.?(:[0-9]+)?(/.*)?$ be_edge_http:perf-test-hydra-edge-36
^perf-test-hydra-edge-37\.?(:[0-9]+)?(/.*)?$ be_edge_http:perf-test-hydra-edge-37
^perf-test-hydra-edge-38\.?(:[0-9]+)?(/.*)?$ be_edge_http:perf-test-hydra-edge-38
^perf-test-hydra-edge-39\.?(:[0-9]+)?(/.*)?$ be_edge_http:perf-test-hydra-edge-39
^perf-test-hydra-edge-40\.?(:[0-9]+)?(/.*)?$ be_edge_http:perf-test-hydra-edge-40
^perf-test-hydra-edge-41\.?(:[0-9]+)?(/.*)?$ be_edge_http:perf-test-hydra-edge-41
^perf-test-hydra-edge-42\.?(:[0-9]+)?(/.*)?$ be_edge_http:perf-test-hydra-edge-42
^perf-test-hydra-edge-43\.?(:[0-9]+)?(/.*)?$ be_edge_http:perf-test-hydra-edge-43
^perf-test-hydra-edge-44\.?(:[0-9]+)?(/.*)?$ be_edge_http:perf-test-hydra-edge-44
^perf-test-hydra-edge-45\.?(:[0-9]+)?(/.*)?$ be_edge_http:perf-test-hydra-edge-45
^perf-test-hydra-edge-46\.?(:[0-9]+)?(/.*)?$ be_edge_http:perf-test-hydra-edge-46
^perf-test-hydra-edge-47\.?(:[0-9]+)?(/.*)?$ be_edge_http:perf-test-hydra-edge-47
^perf-test-hydra-edge-48\.?(:[0-9]+)?(/.*)?$ be_edge_http:perf-test-hydra-edge-48
^perf-test-hydra-edge-49\.?(:[0-9]+)?(/.*)?$ be_edge_http:perf-test-hydra-edge-49
^perf-test-hydra-edge-50\.?(:[0-9]+)?(/.*)?$ be_edge_http:perf-test-hydra-edge-50
^perf-test-hydra-edge-51\.?(:[0-9]+)?(/.*)?$ be_edge_http:perf-test-hydra-edge-51
^perf-test-hydra-edge-52\.?(:[0-9]+)?(/.*)?$ be_edge_http:perf-test-hydra-edge-52
^perf-test-hydra-edge-53\.?(:[0-9]+)?(/.*)?$ be_edge_http:perf-test-hydra-edge-53
^perf-test-hydra-edge-54\.?(:[0-9]+)?(/.*)?$ be_edge_http:perf-test-hydra-edge-54
^perf-test-hydra-edge-55\.?(:[0-9]+)?(/.*)?$ be_edge_http:perf-test-hydra-edge-55
^perf-test-hydra-edge-56\.?(:[0-9]+)?(/.*)?$ be_edge_http:perf-test-hydra-edge-56
^perf-test-hydra-edge-57\.?(:[0-9]+)?(/.*)?$ be_edge_http:perf-test-hydra-edge-57
^perf-test-hydra-edge-58\.?(:[0-9]+)?(/.*)?$ be_edge_http:perf-test-hydra-edge-58
^perf-test-hydra-edge-59\.?(:[0-9]+)?(/.*)?$ be_edge_http:perf-test-hydra-edge-59
^perf-test-hydra-edge-60\.?(:[0-9]+)?(/.*)?$ be_edge_http:perf-test-hydra-edge-60
^perf-test-hydra-edge-61\.?(:[0-9]+)?(/.*)?$ be_edge_http:perf-test-hydra-edge-61
^perf-test-hydra-edge-62\.?(:[0-9]+)?(/.*)?$ be_edge_http:perf-test-hydra-edge-62
^perf-test-hydra-edge-63\.?(:[0-9]+)?(/.*)?$ be_edge_http:perf-test-hydra-edge-63
^perf-test-hydra-edge-64\.?(:[0-9]+)?(/.*)?$ be_edge_http:perf-test-hydra-edge-64
^perf-test-hydra-edge-65\.?(:[0-9]+)?(/.*)?$ be_edge_http:perf-test-hydra-edge-65
^perf-test-hydra-edge-66\.?(:[0-9]+)?(/.*)?$ be_edge_http:perf-test-hydra-edge-66
^perf-test-hydra-edge-67\.?(:[0-9]+)?(/.*)?$ be_edge_http:perf-test-hydra-edge-67
^perf-test-hydra-edge-68\.?(:[0-9]+)?(/.*)?$ be_edge_http:perf-test-hydra-edge-68
^perf-test-hydra-edge-69\.?(:[0-9]+)?(/.*)?$ be_edge_http:perf-test-hydra-edge-69
^perf-test-hydra-edge-70\.?(:[0-9]+)?(/.*)?$ be_edge_http:perf-test-hydra-edge-70
^perf-test-hydra-edge-71\.?(:[0-9]+)?(/.*)?$ be_edge_http:perf-test-hydra-edge-71
^perf-test-hydra-edge-72\.?(:[0-9]+)?(/.*)?$ be_edge_http:perf-test-hydra-edge-72
^perf-test-hydra-edge-73\.?(:[0-9]+)?(/.*)?$ be_edge_http:perf-test-hydra-edge-73
^perf-test-hydra-edge-74\.?(:[0-9]+)?(/.*)?$ be_edge_http:perf-test-hydra-edge-74
^perf-test-hydra-edge-75\.?(:[0-9]+)?(/.*)?$ be_edge_http:perf-test-hydra-edge-75
^perf-test-hydra-edge-76\.?(:[0-9]+)?(/.*)?$ be_edge_http:perf-test-hydra-edge-76
^perf-test-hydra-edge-77\.?(:[0-9]+)?(/.*)?$ be_edge_http:perf-test-hydra-edge-77
^perf-test-hydra-edge-78\.?(:[0-9]+)?(/.*)?$ be_edge_http:perf-test-hydra-edge-78
^perf-test-hydra-edge-79\.?(:[0-9]+)?(/.*)?$ be_edge_http:perf-test-hydra-edge-79
^perf-test-hydra-edge-80\.?(:[0-9]+)?(/.*)?$ be_edge_http:perf-test-hydra-edge-80
^perf-test-hydra-edge-81\.?(:[0-9]+)?(/.*)?$ be_edge_http:perf-test-hydra-edge-81
^perf-test-hydra-edge-82\.?(:[0-9]+)?(/.*)?$ be_edge_http:perf-test-hydra-edge-82
^perf-test-hydra-edge-83\.?(:[0-9]+)?(/.*)?$ be_edge_http:perf-test-hydra-edge-83
^perf-test-hydra-edge-84\.?(:[0-9]+)?(/.*)?$ be_edge_http:perf-test-hydra-edge-84
^perf-test-hydra-edge-85\.?(:[0-9]+)?(/.*)?$ be_edge_http:perf-test-hydra-edge-85
^perf-test-hydra-edge-86\.?(:[0-9]+)?(/.*)?$ be_edge_http:perf-test-hydra-edge-86
^perf-test-hydra-edge-87\.?(:[0-9]+)?(/.*)?$ be_edge_http:perf-test-hydra-edge-87
^perf-test-hydra-edge-88\.?(:[0-9]+)?(/.*)?$ be_edge_http:perf-test-hydra-edge-88
^perf-test-hydra-edge-89\.?(:[0-9]+)?(/.*)?$ be_edge_http:perf-test-hydra-edge-89
^perf-test-hydra-edge-90\.?(:[0-9]+)?(/.*)?$ be_edge_http:perf-test-hydra-edge-90
^perf-test-hydra-edge-91\.?(:[0-9]+)?(/.*)?$ be_edge_http:perf-test-hydra-edge-91
^perf-test-hydra-edge-92\.?(:[0-9]+)?(/.*)?$ be_edge_http:perf-test-hydra-edge-92
^perf-test-hydra-edge-93\.?(:[0-9]+)?(/.*)?$ be_edge_http:perf-test-hydra-edge-93
^perf-test-hydra-edge-94\.?(:[0-9]+)?(/.*)?$ be_edge_http:perf-test-hydra-edge-94
^perf-test-hydra-edge-95\.?(:[0-9]+)?(/.*)?$ be_edge_http:perf-test-hydra-edge-95
^perf-test-hydra-edge-96\.?(:[0-9]+)?(/.*)?$ be_edge_http:perf-test-hydra-edge-96
^perf-test-hydra-edge-97\.?(:[0-9]+)?(/.*)?$ be_edge_http:perf-test-hydra-edge-97
^perf-test-hydra-edge-98\.?(:[0-9]+)?(/.*)?$ be_edge_http:perf-test-hydra-edge-98
^perf-test-hydra-edge-99\.?(:[0-9]+)?(/.*)?$ be_edge_http:perf-test-hydra-edge-99
