^perf-test-hydra-http-0\.?(:[0-9]+)?(/.*)?$ be_http:perf-test-hydra-http-0
^perf-test-hydra-http-1\.?(:[0-9]+)?(/.*)?$ be_http:perf-test-hydra-http-1
^perf-test-hydra-http-2\.?(:[0-9]+)?(/.*)?$ be_http:perf-test-hydra-http-2
^perf-test-hydra-http-3\.?(:[0-9]+)?(/.*)?$ be_http:perf-test-hydra-http-3
^perf-test-hydra-http-4\.?(:[0-9]+)?(/.*)?$ be_http:perf-test-hydra-http-4
^perf-test-hydra-http-5\.?(:[0-9]+)?(/.*)?$ be_http:perf-test-hydra-http-5
^perf-test-hydra-http-6\.?(:[0-9]+)?(/.*)?$ be_http:perf-test-hydra-http-6
^perf-test-hydra-http-7\.?(:[0-9]+)?(/.*)?$ be_http:perf-test-hydra-http-7
^perf-test-hydra-http-8\.?(:[0-9]+)?(/.*)?$ be_http:perf-test-hydra-http-8
^perf-test-hydra-http-9\.?(:[0-9]+)?(/.*)?$ be_http:perf-test-hydra-http-9
^perf-test-hydra-http-10\.?(:[0-9]+)?(/.*)?$ be_http:perf-test-hydra-http-10
^perf-test-hydra-http-11\.?(:[0-9]+)?(/.*)?$ be_http:perf-test-hydra-http-11
^perf-test-hydra-http-12\.?(:[0-9]+)?(/.*)?$ be_http:perf-test-hydra-http-12
^perf-test-hydra-http-13\.?(:[0-9]+)?(/.*)?$ be_http:perf-test-hydra-http-13
^perf-test-hydra-http-14\.?(:[0-9]+)?(/.*)?$ be_http:perf-test-hydra-http-14
^perf-test-hydra-http-15\.?(:[0-9]+)?(/.*)?$ be_http:perf-test-hydra-http-15
^perf-test-hydra-http-16\.?(:[0-9]+)?(/.*)?$ be_http:perf-test-hydra-http-16
^perf-test-hydra-http-17\.?(:[0-9]+)?(/.*)?$ be_http:perf-test-hydra-http-17
^perf-test-hydra-http-18\.?(:[0-9]+)?(/.*)?$ be_http:perf-test-hydra-http-18
^perf-test-hydra-http-19\.?(:[0-9]+)?(/.*)?$ be_http:perf-test-hydra-http-19
^perf-test-hydra-http-20\.?(:[0-9]+)?(/.*)?$ be_http:perf-test-hydra-http-20
^perf-test-hydra-http-21\.?(:[0-9]+)?(/.*)?$ be_http:perf-test-hydra-http-21
^perf-test-hydra-http-22\.?(:[0-9]+)?(/.*)?$ be_http:perf-test-hydra-http-22
^perf-test-hydra-http-23\.?(:[0-9]+)?(/.*)?$ be_http:perf-test-hydra-http-23
^perf-test-hydra-http-24\.?(:[0-9]+)?(/.*)?$ be_http:perf-test-hydra-http-24
^perf-test-hydra-http-25\.?(:[0-9]+)?(/.*)?$ be_http:perf-test-hydra-http-25
^perf-test-hydra-http-26\.?(:[0-9]+)?(/.*)?$ be_http:perf-test-hydra-http-26
^perf-test-hydra-http-27\.?(:[0-9]+)?(/.*)?$ be_http:perf-test-hydra-http-27
^perf-test-hydra-http-28\.?(:[0-9]+)?(/.*)?$ be_http:perf-test-hydra-http-28
^perf-test-hydra-http-29\.?(:[0-9]+)?(/.*)?$ be_http:perf-test-hydra-http-29
^perf-test-hydra-http-30\.?(:[0-9]+)?(/.*)?$ be_http:perf-test-hydra-http-30
^perf-test-hydra-http-31\.?(:[0-9]+)?(/.*)?$ be_http:perf-test-hydra-http-31
^perf-test-hydra-http-32\.?(:[0-9]+)?(/.*)?$ be_http:perf-test-hydra-http-32
^perf-test-hydra-http-33\.?(:[0-9]+)?(/.*)?$ be_http:perf-test-hydra-http-33
^perf-test-hydra-http-34\.?(:[0-9]+)?(/.*)?$ be_http:perf-test-hydra-http-34
^perf-test-hydra-http-35\.?(:[0-9]+)?(/.*)?$ be_http:perf-test-hydra-http-35
^perf-test-hydra-http-36\.?(:[0-9]+)?(/.*)?$ be_http:perf-test-hydra-http-36
^perf-test-hydra-http-37\.?(:[0-9]+)?(/.*)?$ be_http:perf-test-hydra-http-37
^perf-test-hydra-http-38\.?(:[0-9]+)?(/.*)?$ be_http:perf-test-hydra-http-38
^perf-test-hydra-http-39\.?(:[0-9]+)?(/.*)?$ be_http:perf-test-hydra-http-39
^perf-test-hydra-http-40\.?(:[0-9]+)?(/.*)?$ be_http:perf-test-hydra-http-40
^perf-test-hydra-http-41\.?(:[0-9]+)?(/.*)?$ be_http:perf-test-hydra-http-41
^perf-test-hydra-http-42\.?(:[0-9]+)?(/.*)?$ be_http:perf-test-hydra-http-42
^perf-test-hydra-http-43\.?(:[0-9]+)?(/.*)?$ be_http:perf-test-hydra-http-43
^perf-test-hydra-http-44\.?(:[0-9]+)?(/.*)?$ be_http:perf-test-hydra-http-44
^perf-test-hydra-http-45\.?(:[0-9]+)?(/.*)?$ be_http:perf-test-hydra-http-45
^perf-test-hydra-http-46\.?(:[0-9]+)?(/.*)?$ be_http:perf-test-hydra-http-46
^perf-test-hydra-http-47\.?(:[0-9]+)?(/.*)?$ be_http:perf-test-hydra-http-47
^perf-test-hydra-http-48\.?(:[0-9]+)?(/.*)?$ be_http:perf-test-hydra-http-48
^perf-test-hydra-http-49\.?(:[0-9]+)?(/.*)?$ be_http:perf-test-hydra-http-49
^perf-test-hydra-http-50\.?(:[0-9]+)?(/.*)?$ be_http:perf-test-hydra-http-50
^perf-test-hydra-http-51\.?(:[0-9]+)?(/.*)?$ be_http:perf-test-hydra-http-51
^perf-test-hydra-http-52\.?(:[0-9]+)?(/.*)?$ be_http:perf-test-hydra-http-52
^perf-test-hydra-http-53\.?(:[0-9]+)?(/.*)?$ be_http:perf-test-hydra-http-53
^perf-test-hydra-http-54\.?(:[0-9]+)?(/.*)?$ be_http:perf-test-hydra-http-54
^perf-test-hydra-http-55\.?(:[0-9]+)?(/.*)?$ be_http:perf-test-hydra-http-55
^perf-test-hydra-http-56\.?(:[0-9]+)?(/.*)?$ be_http:perf-test-hydra-http-56
^perf-test-hydra-http-57\.?(:[0-9]+)?(/.*)?$ be_http:perf-test-hydra-http-57
^perf-test-hydra-http-58\.?(:[0-9]+)?(/.*)?$ be_http:perf-test-hydra-http-58
^perf-test-hydra-http-59\.?(:[0-9]+)?(/.*)?$ be_http:perf-test-hydra-http-59
^perf-test-hydra-http-60\.?(:[0-9]+)?(/.*)?$ be_http:perf-test-hydra-http-60
^perf-test-hydra-http-61\.?(:[0-9]+)?(/.*)?$ be_http:perf-test-hydra-http-61
^perf-test-hydra-http-62\.?(:[0-9]+)?(/.*)?$ be_http:perf-test-hydra-http-62
^perf-test-hydra-http-63\.?(:[0-9]+)?(/.*)?$ be_http:perf-test-hydra-http-63
^perf-test-hydra-http-64\.?(:[0-9]+)?(/.*)?$ be_http:perf-test-hydra-http-64
^perf-test-hydra-http-65\.?(:[0-9]+)?(/.*)?$ be_http:perf-test-hydra-http-65
^perf-test-hydra-http-66\.?(:[0-9]+)?(/.*)?$ be_http:perf-test-hydra-http-66
^perf-test-hydra-http-67\.?(:[0-9]+)?(/.*)?$ be_http:perf-test-hydra-http-67
^perf-test-hydra-http-68\.?(:[0-9]+)?(/.*)?$ be_http:perf-test-hydra-http-68
^perf-test-hydra-http-69\.?(:[0-9]+)?(/.*)?$ be_http:perf-test-hydra-http-69
^perf-test-hydra-http-70\.?(:[0-9]+)?(/.*)?$ be_http:perf-test-hydra-http-70
^perf-test-hydra-http-71\.?(:[0-9]+)?(/.*)?$ be_http:perf-test-hydra-http-71
^perf-test-hydra-http-72\.?(:[0-9]+)?(/.*)?$ be_http:perf-test-hydra-http-72
^perf-test-hydra-http-73\.?(:[0-9]+)?(/.*)?$ be_http:perf-test-hydra-http-73
^perf-test-hydra-http-74\.?(:[0-9]+)?(/.*)?$ be_http:perf-test-hydra-http-74
^perf-test-hydra-http-75\.?(:[0-9]+)?(/.*)?$ be_http:perf-test-hydra-http-75
^perf-test-hydra-http-76\.?(:[0-9]+)?(/.*)?$ be_http:perf-test-hydra-http-76
^perf-test-hydra-http-77\.?(:[0-9]+)?(/.*)?$ be_http:perf-test-hydra-http-77
^perf-test-hydra-http-78\.?(:[0-9]+)?(/.*)?$ be_http:perf-test-hydra-http-78
^perf-test-hydra-http-79\.?(:[0-9]+)?(/.*)?$ be_http:perf-test-hydra-http-79
^perf-test-hydra-http-80\.?(:[0-9]+)?(/.*)?$ be_http:perf-test-hydra-http-80
^perf-test-hydra-http-81\.?(:[0-9]+)?(/.*)?$ be_http:perf-test-hydra-http-81
^perf-test-hydra-http-82\.?(:[0-9]+)?(/.*)?$ be_http:perf-test-hydra-http-82
^perf-test-hydra-http-83\.?(:[0-9]+)?(/.*)?$ be_http:perf-test-hydra-http-83
^perf-test-hydra-http-84\.?(:[0-9]+)?(/.*)?$ be_http:perf-test-hydra-http-84
^perf-test-hydra-http-85\.?(:[0-9]+)?(/.*)?$ be_http:perf-test-hydra-http-85
^perf-test-hydra-http-86\.?(:[0-9]+)?(/.*)?$ be_http:perf-test-hydra-http-86
^perf-test-hydra-http-87\.?(:[0-9]+)?(/.*)?$ be_http:perf-test-hydra-http-87
^perf-test-hydra-http-88\.?(:[0-9]+)?(/.*)?$ be_http:perf-test-hydra-http-88
^perf-test-hydra-http-89\.?(:[0-9]+)?(/.*)?$ be_http:perf-test-hydra-http-89
^perf-test-hydra-http-90\.?(:[0-9]+)?(/.*)?$ be_http:perf-test-hydra-http-90
^perf-test-hydra-http-91\.?(:[0-9]+)?(/.*)?$ be_http:perf-test-hydra-http-91
^perf-test-hydra-http-92\.?(:[0-9]+)?(/.*)?$ be_http:perf-test-hydra-http-92
^perf-test-hydra-http-93\.?(:[0-9]+)?(/.*)?$ be_http:perf-test-hydra-http-93
^perf-test-hydra-http-94\.?(:[0-9]+)?(/.*)?$ be_http:perf-test-hydra-http-94
^perf-test-hydra-http-95\.?(:[0-9]+)?(/.*)?$ be_http:perf-test-hydra-http-95
^perf-test-hydra-http-96\.?(:[0-9]+)?(/.*)?$ be_http:perf-test-hydra-http-96
^perf-test-hydra-http-97\.?(:[0-9]+)?(/.*)?$ be_http:perf-test-hydra-http-97
^perf-test-hydra-http-98\.?(:[0-9]+)?(/.*)?$ be_http:perf-test-hydra-http-98
^perf-test-hydra-http-99\.?(:[0-9]+)?(/.*)?$ be_http:perf-test-hydra-http-99
