^perf-test-hydra-passthrough-0$ 1
^perf-test-hydra-passthrough-1$ 1
^perf-test-hydra-passthrough-2$ 1
^perf-test-hydra-passthrough-3$ 1
^perf-test-hydra-passthrough-4$ 1
^perf-test-hydra-passthrough-5$ 1
^perf-test-hydra-passthrough-6$ 1
^perf-test-hydra-passthrough-7$ 1
^perf-test-hydra-passthrough-8$ 1
^perf-test-hydra-passthrough-9$ 1
^perf-test-hydra-passthrough-10$ 1
^perf-test-hydra-passthrough-11$ 1
^perf-test-hydra-passthrough-12$ 1
^perf-test-hydra-passthrough-13$ 1
^perf-test-hydra-passthrough-14$ 1
^perf-test-hydra-passthrough-15$ 1
^perf-test-hydra-passthrough-16$ 1
^perf-test-hydra-passthrough-17$ 1
^perf-test-hydra-passthrough-18$ 1
^perf-test-hydra-passthrough-19$ 1
^perf-test-hydra-passthrough-20$ 1
^perf-test-hydra-passthrough-21$ 1
^perf-test-hydra-passthrough-22$ 1
^perf-test-hydra-passthrough-23$ 1
^perf-test-hydra-passthrough-24$ 1
^perf-test-hydra-passthrough-25$ 1
^perf-test-hydra-passthrough-26$ 1
^perf-test-hydra-passthrough-27$ 1
^perf-test-hydra-passthrough-28$ 1
^perf-test-hydra-passthrough-29$ 1
^perf-test-hydra-passthrough-30$ 1
^perf-test-hydra-passthrough-31$ 1
^perf-test-hydra-passthrough-32$ 1
^perf-test-hydra-passthrough-33$ 1
^perf-test-hydra-passthrough-34$ 1
^perf-test-hydra-passthrough-35$ 1
^perf-test-hydra-passthrough-36$ 1
^perf-test-hydra-passthrough-37$ 1
^perf-test-hydra-passthrough-38$ 1
^perf-test-hydra-passthrough-39$ 1
^perf-test-hydra-passthrough-40$ 1
^perf-test-hydra-passthrough-41$ 1
^perf-test-hydra-passthrough-42$ 1
^perf-test-hydra-passthrough-43$ 1
^perf-test-hydra-passthrough-44$ 1
^perf-test-hydra-passthrough-45$ 1
^perf-test-hydra-passthrough-46$ 1
^perf-test-hydra-passthrough-47$ 1
^perf-test-hydra-passthrough-48$ 1
^perf-test-hydra-passthrough-49$ 1
^perf-test-hydra-passthrough-50$ 1
^perf-test-hydra-passthrough-51$ 1
^perf-test-hydra-passthrough-52$ 1
^perf-test-hydra-passthrough-53$ 1
^perf-test-hydra-passthrough-54$ 1
^perf-test-hydra-passthrough-55$ 1
^perf-test-hydra-passthrough-56$ 1
^perf-test-hydra-passthrough-57$ 1
^perf-test-hydra-passthrough-58$ 1
^perf-test-hydra-passthrough-59$ 1
^perf-test-hydra-passthrough-60$ 1
^perf-test-hydra-passthrough-61$ 1
^perf-test-hydra-passthrough-62$ 1
^perf-test-hydra-passthrough-63$ 1
^perf-test-hydra-passthrough-64$ 1
^perf-test-hydra-passthrough-65$ 1
^perf-test-hydra-passthrough-66$ 1
^perf-test-hydra-passthrough-67$ 1
^perf-test-hydra-passthrough-68$ 1
^perf-test-hydra-passthrough-69$ 1
^perf-test-hydra-passthrough-70$ 1
^perf-test-hydra-passthrough-71$ 1
^perf-test-hydra-passthrough-72$ 1
^perf-test-hydra-passthrough-73$ 1
^perf-test-hydra-passthrough-74$ 1
^perf-test-hydra-passthrough-75$ 1
^perf-test-hydra-passthrough-76$ 1
^perf-test-hydra-passthrough-77$ 1
^perf-test-hydra-passthrough-78$ 1
^perf-test-hydra-passthrough-79$ 1
^perf-test-hydra-passthrough-80$ 1
^perf-test-hydra-passthrough-81$ 1
^perf-test-hydra-passthrough-82$ 1
^perf-test-hydra-passthrough-83$ 1
^perf-test-hydra-passthrough-84$ 1
^perf-test-hydra-passthrough-85$ 1
^perf-test-hydra-passthrough-86$ 1
^perf-test-hydra-passthrough-87$ 1
^perf-test-hydra-passthrough-88$ 1
^perf-test-hydra-passthrough-89$ 1
^perf-test-hydra-passthrough-90$ 1
^perf-test-hydra-passthrough-91$ 1
^perf-test-hydra-passthrough-92$ 1
^perf-test-hydra-passthrough-93$ 1
^perf-test-hydra-passthrough-94$ 1
^perf-test-hydra-passthrough-95$ 1
^perf-test-hydra-passthrough-96$ 1
^perf-test-hydra-passthrough-97$ 1
^perf-test-hydra-passthrough-98$ 1
^perf-test-hydra-passthrough-99$ 1
