^perf-test-hydra-passthrough-0\.?(:[0-9]+)?(/.*)?$ be_tcp:perf-test-hydra-passthrough-0
^perf-test-hydra-passthrough-1\.?(:[0-9]+)?(/.*)?$ be_tcp:perf-test-hydra-passthrough-1
^perf-test-hydra-passthrough-2\.?(:[0-9]+)?(/.*)?$ be_tcp:perf-test-hydra-passthrough-2
^perf-test-hydra-passthrough-3\.?(:[0-9]+)?(/.*)?$ be_tcp:perf-test-hydra-passthrough-3
^perf-test-hydra-passthrough-4\.?(:[0-9]+)?(/.*)?$ be_tcp:perf-test-hydra-passthrough-4
^perf-test-hydra-passthrough-5\.?(:[0-9]+)?(/.*)?$ be_tcp:perf-test-hydra-passthrough-5
^perf-test-hydra-passthrough-6\.?(:[0-9]+)?(/.*)?$ be_tcp:perf-test-hydra-passthrough-6
^perf-test-hydra-passthrough-7\.?(:[0-9]+)?(/.*)?$ be_tcp:perf-test-hydra-passthrough-7
^perf-test-hydra-passthrough-8\.?(:[0-9]+)?(/.*)?$ be_tcp:perf-test-hydra-passthrough-8
^perf-test-hydra-passthrough-9\.?(:[0-9]+)?(/.*)?$ be_tcp:perf-test-hydra-passthrough-9
^perf-test-hydra-passthrough-10\.?(:[0-9]+)?(/.*)?$ be_tcp:perf-test-hydra-passthrough-10
^perf-test-hydra-passthrough-11\.?(:[0-9]+)?(/.*)?$ be_tcp:perf-test-hydra-passthrough-11
^perf-test-hydra-passthrough-12\.?(:[0-9]+)?(/.*)?$ be_tcp:perf-test-hydra-passthrough-12
^perf-test-hydra-passthrough-13\.?(:[0-9]+)?(/.*)?$ be_tcp:perf-test-hydra-passthrough-13
^perf-test-hydra-passthrough-14\.?(:[0-9]+)?(/.*)?$ be_tcp:perf-test-hydra-passthrough-14
^perf-test-hydra-passthrough-15\.?(:[0-9]+)?(/.*)?$ be_tcp:perf-test-hydra-passthrough-15
^perf-test-hydra-passthrough-16\.?(:[0-9]+)?(/.*)?$ be_tcp:perf-test-hydra-passthrough-16
^perf-test-hydra-passthrough-17\.?(:[0-9]+)?(/.*)?$ be_tcp:perf-test-hydra-passthrough-17
^perf-test-hydra-passthrough-18\.?(:[0-9]+)?(/.*)?$ be_tcp:perf-test-hydra-passthrough-18
^perf-test-hydra-passthrough-19\.?(:[0-9]+)?(/.*)?$ be_tcp:perf-test-hydra-passthrough-19
^perf-test-hydra-passthrough-20\.?(:[0-9]+)?(/.*)?$ be_tcp:perf-test-hydra-passthrough-20
^perf-test-hydra-passthrough-21\.?(:[0-9]+)?(/.*)?$ be_tcp:perf-test-hydra-passthrough-21
^perf-test-hydra-passthrough-22\.?(:[0-9]+)?(/.*)?$ be_tcp:perf-test-hydra-passthrough-22
^perf-test-hydra-passthrough-23\.?(:[0-9]+)?(/.*)?$ be_tcp:perf-test-hydra-passthrough-23
^perf-test-hydra-passthrough-24\.?(:[0-9]+)?(/.*)?$ be_tcp:perf-test-hydra-passthrough-24
^perf-test-hydra-passthrough-25\.?(:[0-9]+)?(/.*)?$ be_tcp:perf-test-hydra-passthrough-25
^perf-test-hydra-passthrough-26\.?(:[0-9]+)?(/.*)?$ be_tcp:perf-test-hydra-passthrough-26
^perf-test-hydra-passthrough-27\.?(:[0-9]+)?(/.*)?$ be_tcp:perf-test-hydra-passthrough-27
^perf-test-hydra-passthrough-28\.?(:[0-9]+)?(/.*)?$ be_tcp:perf-test-hydra-passthrough-28
^perf-test-hydra-passthrough-29\.?(:[0-9]+)?(/.*)?$ be_tcp:perf-test-hydra-passthrough-29
^perf-test-hydra-passthrough-30\.?(:[0-9]+)?(/.*)?$ be_tcp:perf-test-hydra-passthrough-30
^perf-test-hydra-passthrough-31\.?(:[0-9]+)?(/.*)?$ be_tcp:perf-test-hydra-passthrough-31
^perf-test-hydra-passthrough-32\.?(:[0-9]+)?(/.*)?$ be_tcp:perf-test-hydra-passthrough-32
^perf-test-hydra-passthrough-33\.?(:[0-9]+)?(/.*)?$ be_tcp:perf-test-hydra-passthrough-33
^perf-test-hydra-passthrough-34\.?(:[0-9]+)?(/.*)?$ be_tcp:perf-test-hydra-passthrough-34
^perf-test-hydra-passthrough-35\.?(:[0-9]+)?(/.*)?$ be_tcp:perf-test-hydra-passthrough-35
^perf-test-hydra-passthrough-36\.?(:[0-9]+)?(/.*)?$ be_tcp:perf-test-hydra-passthrough-36
^perf-test-hydra-passthrough-37\.?(:[0-9]+)?(/.*)?$ be_tcp:perf-test-hydra-passthrough-37
^perf-test-hydra-passthrough-38\.?(:[0-9]+)?(/.*)?$ be_tcp:perf-test-hydra-passthrough-38
^perf-test-hydra-passthrough-39\.?(:[0-9]+)?(/.*)?$ be_tcp:perf-test-hydra-passthrough-39
^perf-test-hydra-passthrough-40\.?(:[0-9]+)?(/.*)?$ be_tcp:perf-test-hydra-passthrough-40
^perf-test-hydra-passthrough-41\.?(:[0-9]+)?(/.*)?$ be_tcp:perf-test-hydra-passthrough-41
^perf-test-hydra-passthrough-42\.?(:[0-9]+)?(/.*)?$ be_tcp:perf-test-hydra-passthrough-42
^perf-test-hydra-passthrough-43\.?(:[0-9]+)?(/.*)?$ be_tcp:perf-test-hydra-passthrough-43
^perf-test-hydra-passthrough-44\.?(:[0-9]+)?(/.*)?$ be_tcp:perf-test-hydra-passthrough-44
^perf-test-hydra-passthrough-45\.?(:[0-9]+)?(/.*)?$ be_tcp:perf-test-hydra-passthrough-45
^perf-test-hydra-passthrough-46\.?(:[0-9]+)?(/.*)?$ be_tcp:perf-test-hydra-passthrough-46
^perf-test-hydra-passthrough-47\.?(:[0-9]+)?(/.*)?$ be_tcp:perf-test-hydra-passthrough-47
^perf-test-hydra-passthrough-48\.?(:[0-9]+)?(/.*)?$ be_tcp:perf-test-hydra-passthrough-48
^perf-test-hydra-passthrough-49\.?(:[0-9]+)?(/.*)?$ be_tcp:perf-test-hydra-passthrough-49
^perf-test-hydra-passthrough-50\.?(:[0-9]+)?(/.*)?$ be_tcp:perf-test-hydra-passthrough-50
^perf-test-hydra-passthrough-51\.?(:[0-9]+)?(/.*)?$ be_tcp:perf-test-hydra-passthrough-51
^perf-test-hydra-passthrough-52\.?(:[0-9]+)?(/.*)?$ be_tcp:perf-test-hydra-passthrough-52
^perf-test-hydra-passthrough-53\.?(:[0-9]+)?(/.*)?$ be_tcp:perf-test-hydra-passthrough-53
^perf-test-hydra-passthrough-54\.?(:[0-9]+)?(/.*)?$ be_tcp:perf-test-hydra-passthrough-54
^perf-test-hydra-passthrough-55\.?(:[0-9]+)?(/.*)?$ be_tcp:perf-test-hydra-passthrough-55
^perf-test-hydra-passthrough-56\.?(:[0-9]+)?(/.*)?$ be_tcp:perf-test-hydra-passthrough-56
^perf-test-hydra-passthrough-57\.?(:[0-9]+)?(/.*)?$ be_tcp:perf-test-hydra-passthrough-57
^perf-test-hydra-passthrough-58\.?(:[0-9]+)?(/.*)?$ be_tcp:perf-test-hydra-passthrough-58
^perf-test-hydra-passthrough-59\.?(:[0-9]+)?(/.*)?$ be_tcp:perf-test-hydra-passthrough-59
^perf-test-hydra-passthrough-60\.?(:[0-9]+)?(/.*)?$ be_tcp:perf-test-hydra-passthrough-60
^perf-test-hydra-passthrough-61\.?(:[0-9]+)?(/.*)?$ be_tcp:perf-test-hydra-passthrough-61
^perf-test-hydra-passthrough-62\.?(:[0-9]+)?(/.*)?$ be_tcp:perf-test-hydra-passthrough-62
^perf-test-hydra-passthrough-63\.?(:[0-9]+)?(/.*)?$ be_tcp:perf-test-hydra-passthrough-63
^perf-test-hydra-passthrough-64\.?(:[0-9]+)?(/.*)?$ be_tcp:perf-test-hydra-passthrough-64
^perf-test-hydra-passthrough-65\.?(:[0-9]+)?(/.*)?$ be_tcp:perf-test-hydra-passthrough-65
^perf-test-hydra-passthrough-66\.?(:[0-9]+)?(/.*)?$ be_tcp:perf-test-hydra-passthrough-66
^perf-test-hydra-passthrough-67\.?(:[0-9]+)?(/.*)?$ be_tcp:perf-test-hydra-passthrough-67
^perf-test-hydra-passthrough-68\.?(:[0-9]+)?(/.*)?$ be_tcp:perf-test-hydra-passthrough-68
^perf-test-hydra-passthrough-69\.?(:[0-9]+)?(/.*)?$ be_tcp:perf-test-hydra-passthrough-69
^perf-test-hydra-passthrough-70\.?(:[0-9]+)?(/.*)?$ be_tcp:perf-test-hydra-passthrough-70
^perf-test-hydra-passthrough-71\.?(:[0-9]+)?(/.*)?$ be_tcp:perf-test-hydra-passthrough-71
^perf-test-hydra-passthrough-72\.?(:[0-9]+)?(/.*)?$ be_tcp:perf-test-hydra-passthrough-72
^perf-test-hydra-passthrough-73\.?(:[0-9]+)?(/.*)?$ be_tcp:perf-test-hydra-passthrough-73
^perf-test-hydra-passthrough-74\.?(:[0-9]+)?(/.*)?$ be_tcp:perf-test-hydra-passthrough-74
^perf-test-hydra-passthrough-75\.?(:[0-9]+)?(/.*)?$ be_tcp:perf-test-hydra-passthrough-75
^perf-test-hydra-passthrough-76\.?(:[0-9]+)?(/.*)?$ be_tcp:perf-test-hydra-passthrough-76
^perf-test-hydra-passthrough-77\.?(:[0-9]+)?(/.*)?$ be_tcp:perf-test-hydra-passthrough-77
^perf-test-hydra-passthrough-78\.?(:[0-9]+)?(/.*)?$ be_tcp:perf-test-hydra-passthrough-78
^perf-test-hydra-passthrough-79\.?(:[0-9]+)?(/.*)?$ be_tcp:perf-test-hydra-passthrough-79
^perf-test-hydra-passthrough-80\.?(:[0-9]+)?(/.*)?$ be_tcp:perf-test-hydra-passthrough-80
^perf-test-hydra-passthrough-81\.?(:[0-9]+)?(/.*)?$ be_tcp:perf-test-hydra-passthrough-81
^perf-test-hydra-passthrough-82\.?(:[0-9]+)?(/.*)?$ be_tcp:perf-test-hydra-passthrough-82
^perf-test-hydra-passthrough-83\.?(:[0-9]+)?(/.*)?$ be_tcp:perf-test-hydra-passthrough-83
^perf-test-hydra-passthrough-84\.?(:[0-9]+)?(/.*)?$ be_tcp:perf-test-hydra-passthrough-84
^perf-test-hydra-passthrough-85\.?(:[0-9]+)?(/.*)?$ be_tcp:perf-test-hydra-passthrough-85
^perf-test-hydra-passthrough-86\.?(:[0-9]+)?(/.*)?$ be_tcp:perf-test-hydra-passthrough-86
^perf-test-hydra-passthrough-87\.?(:[0-9]+)?(/.*)?$ be_tcp:perf-test-hydra-passthrough-87
^perf-test-hydra-passthrough-88\.?(:[0-9]+)?(/.*)?$ be_tcp:perf-test-hydra-passthrough-88
^perf-test-hydra-passthrough-89\.?(:[0-9]+)?(/.*)?$ be_tcp:perf-test-hydra-passthrough-89
^perf-test-hydra-passthrough-90\.?(:[0-9]+)?(/.*)?$ be_tcp:perf-test-hydra-passthrough-90
^perf-test-hydra-passthrough-91\.?(:[0-9]+)?(/.*)?$ be_tcp:perf-test-hydra-passthrough-91
^perf-test-hydra-passthrough-92\.?(:[0-9]+)?(/.*)?$ be_tcp:perf-test-hydra-passthrough-92
^perf-test-hydra-passthrough-93\.?(:[0-9]+)?(/.*)?$ be_tcp:perf-test-hydra-passthrough-93
^perf-test-hydra-passthrough-94\.?(:[0-9]+)?(/.*)?$ be_tcp:perf-test-hydra-passthrough-94
^perf-test-hydra-passthrough-95\.?(:[0-9]+)?(/.*)?$ be_tcp:perf-test-hydra-passthrough-95
^perf-test-hydra-passthrough-96\.?(:[0-9]+)?(/.*)?$ be_tcp:perf-test-hydra-passthrough-96
^perf-test-hydra-passthrough-97\.?(:[0-9]+)?(/.*)?$ be_tcp:perf-test-hydra-passthrough-97
^perf-test-hydra-passthrough-98\.?(:[0-9]+)?(/.*)?$ be_tcp:perf-test-hydra-passthrough-98
^perf-test-hydra-passthrough-99\.?(:[0-9]+)?(/.*)?$ be_tcp:perf-test-hydra-passthrough-99
